--- Đã tìm thấy Spark tại /home/viet-k3s-google/Downloads/spark-4.1.1-bin-hadoop3 ---
--- Đang submit started streaming-to-bronze job lên Kubernetes ---
WARNING: Using incubator modules: jdk.incubator.vector
26/05/18 15:32:28 WARN NativeCodeLoader: Unable to load native-hadoop library for your platform... using builtin-java classes where applicable
Using Spark's default log4j profile: org/apache/spark/log4j2-defaults.properties
26/05/18 15:32:28 INFO SparkKubernetesClientFactory: Auto-configuring K8S client using current context from users K8S config file
26/05/18 15:32:29 INFO KerberosConfDriverFeatureStep: You have not specified a krb5.conf file locally or via a ConfigMap. Make sure that you have the krb5.conf locally on the driver image.
26/05/18 15:32:29 INFO SslUtils: Default SSL endpoint verification has been disabled:  -Dio.netty.handler.ssl.defaultEndpointVerificationAlgorithm="NONE"
26/05/18 15:32:31 INFO LoggingPodStatusWatcherImpl: State changed, new state: 
	 pod name: nyc-taxi-started-to-bronze-3bd98c9e3bb79a5f-driver
	 namespace: lakehouse
	 labels: spark-app-name -> nyc-taxi-started-to-bronze, spark-app-selector -> spark-11ae495b72af444a8e58b804c1aeaa08, spark-role -> driver, spark-version -> 4.1.1
	 pod uid: 596bf7ad-1d6e-4592-a4da-969e772b5c14
	 creation time: 2026-05-18T15:32:30Z
	 service account name: spark-user
	 volumes: data-vol, spark-local-dir-1, spark-conf-volume-driver, kube-api-access-hg9r2
	 node name: training
	 start time: 2026-05-18T15:32:30Z
	 phase: Pending
	 container status: 
		 container name: spark-kubernetes-driver
		 container image: 10.148.0.2:5000/nyc-taxi-streaming-consumer:v1.0
		 container state: waiting
		 pending reason: ContainerCreating
26/05/18 15:32:31 INFO LoggingPodStatusWatcherImpl: State changed, new state: 
	 pod name: nyc-taxi-started-to-bronze-3bd98c9e3bb79a5f-driver
	 namespace: lakehouse
	 labels: spark-app-name -> nyc-taxi-started-to-bronze, spark-app-selector -> spark-11ae495b72af444a8e58b804c1aeaa08, spark-role -> driver, spark-version -> 4.1.1
	 pod uid: 596bf7ad-1d6e-4592-a4da-969e772b5c14
	 creation time: 2026-05-18T15:32:30Z
	 service account name: spark-user
	 volumes: data-vol, spark-local-dir-1, spark-conf-volume-driver, kube-api-access-hg9r2
	 node name: training
	 start time: 2026-05-18T15:32:30Z
	 phase: Pending
	 container status: 
		 container name: spark-kubernetes-driver
		 container image: 10.148.0.2:5000/nyc-taxi-streaming-consumer:v1.0
		 container state: waiting
		 pending reason: ContainerCreating
26/05/18 15:32:31 INFO LoggingPodStatusWatcherImpl: Waiting for application nyc-taxi-started-to-bronze with application ID spark-11ae495b72af444a8e58b804c1aeaa08 and submission ID lakehouse:nyc-taxi-started-to-bronze-3bd98c9e3bb79a5f-driver to finish...
26/05/18 15:32:31 INFO LoggingPodStatusWatcherImpl: State changed, new state: 
	 pod name: nyc-taxi-started-to-bronze-3bd98c9e3bb79a5f-driver
	 namespace: lakehouse
	 labels: spark-app-name -> nyc-taxi-started-to-bronze, spark-app-selector -> spark-11ae495b72af444a8e58b804c1aeaa08, spark-role -> driver, spark-version -> 4.1.1
	 pod uid: 596bf7ad-1d6e-4592-a4da-969e772b5c14
	 creation time: 2026-05-18T15:32:30Z
	 service account name: spark-user
	 volumes: data-vol, spark-local-dir-1, spark-conf-volume-driver, kube-api-access-hg9r2
	 node name: training
	 start time: 2026-05-18T15:32:30Z
	 phase: Running
	 container status: 
		 container name: spark-kubernetes-driver
		 container image: 10.148.0.2:5000/nyc-taxi-streaming-consumer:v1.0
		 container state: running
		 container started at: 2026-05-18T15:32:31Z
26/05/18 15:32:32 INFO LoggingPodStatusWatcherImpl: Application status for spark-11ae495b72af444a8e58b804c1aeaa08 (phase: Running)
26/05/18 15:32:33 INFO LoggingPodStatusWatcherImpl: Application status for spark-11ae495b72af444a8e58b804c1aeaa08 (phase: Running)
26/05/18 15:32:34 INFO LoggingPodStatusWatcherImpl: Application status for spark-11ae495b72af444a8e58b804c1aeaa08 (phase: Running)
26/05/18 15:32:35 INFO LoggingPodStatusWatcherImpl: Application status for spark-11ae495b72af444a8e58b804c1aeaa08 (phase: Running)
26/05/18 15:32:36 INFO LoggingPodStatusWatcherImpl: Application status for spark-11ae495b72af444a8e58b804c1aeaa08 (phase: Running)
26/05/18 15:32:37 INFO LoggingPodStatusWatcherImpl: Application status for spark-11ae495b72af444a8e58b804c1aeaa08 (phase: Running)
26/05/18 15:32:38 INFO LoggingPodStatusWatcherImpl: Application status for spark-11ae495b72af444a8e58b804c1aeaa08 (phase: Running)
26/05/18 15:32:39 INFO LoggingPodStatusWatcherImpl: Application status for spark-11ae495b72af444a8e58b804c1aeaa08 (phase: Running)
26/05/18 15:32:40 INFO LoggingPodStatusWatcherImpl: Application status for spark-11ae495b72af444a8e58b804c1aeaa08 (phase: Running)
26/05/18 15:32:41 INFO LoggingPodStatusWatcherImpl: Application status for spark-11ae495b72af444a8e58b804c1aeaa08 (phase: Running)
26/05/18 15:32:42 INFO LoggingPodStatusWatcherImpl: Application status for spark-11ae495b72af444a8e58b804c1aeaa08 (phase: Running)
26/05/18 15:32:43 INFO LoggingPodStatusWatcherImpl: Application status for spark-11ae495b72af444a8e58b804c1aeaa08 (phase: Running)
26/05/18 15:32:44 INFO LoggingPodStatusWatcherImpl: Application status for spark-11ae495b72af444a8e58b804c1aeaa08 (phase: Running)
26/05/18 15:32:45 INFO LoggingPodStatusWatcherImpl: Application status for spark-11ae495b72af444a8e58b804c1aeaa08 (phase: Running)
26/05/18 15:32:46 INFO LoggingPodStatusWatcherImpl: Application status for spark-11ae495b72af444a8e58b804c1aeaa08 (phase: Running)
26/05/18 15:32:47 INFO LoggingPodStatusWatcherImpl: Application status for spark-11ae495b72af444a8e58b804c1aeaa08 (phase: Running)
26/05/18 15:32:48 INFO LoggingPodStatusWatcherImpl: Application status for spark-11ae495b72af444a8e58b804c1aeaa08 (phase: Running)
26/05/18 15:32:49 INFO LoggingPodStatusWatcherImpl: Application status for spark-11ae495b72af444a8e58b804c1aeaa08 (phase: Running)
26/05/18 15:32:50 INFO LoggingPodStatusWatcherImpl: Application status for spark-11ae495b72af444a8e58b804c1aeaa08 (phase: Running)
26/05/18 15:32:51 INFO LoggingPodStatusWatcherImpl: Application status for spark-11ae495b72af444a8e58b804c1aeaa08 (phase: Running)
26/05/18 15:32:52 INFO LoggingPodStatusWatcherImpl: Application status for spark-11ae495b72af444a8e58b804c1aeaa08 (phase: Running)
26/05/18 15:32:53 INFO LoggingPodStatusWatcherImpl: Application status for spark-11ae495b72af444a8e58b804c1aeaa08 (phase: Running)
26/05/18 15:32:54 INFO LoggingPodStatusWatcherImpl: Application status for spark-11ae495b72af444a8e58b804c1aeaa08 (phase: Running)
26/05/18 15:32:55 INFO LoggingPodStatusWatcherImpl: Application status for spark-11ae495b72af444a8e58b804c1aeaa08 (phase: Running)
26/05/18 15:32:56 INFO LoggingPodStatusWatcherImpl: Application status for spark-11ae495b72af444a8e58b804c1aeaa08 (phase: Running)
26/05/18 15:32:57 INFO LoggingPodStatusWatcherImpl: Application status for spark-11ae495b72af444a8e58b804c1aeaa08 (phase: Running)
26/05/18 15:32:58 INFO LoggingPodStatusWatcherImpl: Application status for spark-11ae495b72af444a8e58b804c1aeaa08 (phase: Running)
26/05/18 15:32:59 INFO LoggingPodStatusWatcherImpl: Application status for spark-11ae495b72af444a8e58b804c1aeaa08 (phase: Running)
26/05/18 15:33:00 INFO LoggingPodStatusWatcherImpl: Application status for spark-11ae495b72af444a8e58b804c1aeaa08 (phase: Running)
26/05/18 15:33:01 INFO LoggingPodStatusWatcherImpl: Application status for spark-11ae495b72af444a8e58b804c1aeaa08 (phase: Running)
26/05/18 15:33:02 INFO LoggingPodStatusWatcherImpl: Application status for spark-11ae495b72af444a8e58b804c1aeaa08 (phase: Running)
26/05/18 15:33:03 INFO LoggingPodStatusWatcherImpl: Application status for spark-11ae495b72af444a8e58b804c1aeaa08 (phase: Running)
26/05/18 15:33:04 INFO LoggingPodStatusWatcherImpl: Application status for spark-11ae495b72af444a8e58b804c1aeaa08 (phase: Running)
26/05/18 15:33:05 INFO LoggingPodStatusWatcherImpl: Application status for spark-11ae495b72af444a8e58b804c1aeaa08 (phase: Running)
26/05/18 15:33:06 INFO LoggingPodStatusWatcherImpl: Application status for spark-11ae495b72af444a8e58b804c1aeaa08 (phase: Running)
26/05/18 15:33:07 INFO LoggingPodStatusWatcherImpl: Application status for spark-11ae495b72af444a8e58b804c1aeaa08 (phase: Running)
26/05/18 15:33:08 INFO LoggingPodStatusWatcherImpl: Application status for spark-11ae495b72af444a8e58b804c1aeaa08 (phase: Running)
26/05/18 15:33:09 INFO LoggingPodStatusWatcherImpl: Application status for spark-11ae495b72af444a8e58b804c1aeaa08 (phase: Running)
26/05/18 15:33:10 INFO LoggingPodStatusWatcherImpl: Application status for spark-11ae495b72af444a8e58b804c1aeaa08 (phase: Running)
26/05/18 15:33:11 INFO LoggingPodStatusWatcherImpl: Application status for spark-11ae495b72af444a8e58b804c1aeaa08 (phase: Running)
26/05/18 15:33:12 INFO LoggingPodStatusWatcherImpl: Application status for spark-11ae495b72af444a8e58b804c1aeaa08 (phase: Running)
26/05/18 15:33:13 INFO LoggingPodStatusWatcherImpl: Application status for spark-11ae495b72af444a8e58b804c1aeaa08 (phase: Running)
26/05/18 15:33:14 INFO LoggingPodStatusWatcherImpl: Application status for spark-11ae495b72af444a8e58b804c1aeaa08 (phase: Running)
26/05/18 15:33:15 INFO LoggingPodStatusWatcherImpl: Application status for spark-11ae495b72af444a8e58b804c1aeaa08 (phase: Running)
26/05/18 15:33:16 INFO LoggingPodStatusWatcherImpl: Application status for spark-11ae495b72af444a8e58b804c1aeaa08 (phase: Running)
26/05/18 15:33:17 INFO LoggingPodStatusWatcherImpl: Application status for spark-11ae495b72af444a8e58b804c1aeaa08 (phase: Running)
26/05/18 15:33:18 INFO LoggingPodStatusWatcherImpl: Application status for spark-11ae495b72af444a8e58b804c1aeaa08 (phase: Running)
26/05/18 15:33:19 INFO LoggingPodStatusWatcherImpl: Application status for spark-11ae495b72af444a8e58b804c1aeaa08 (phase: Running)
26/05/18 15:33:20 INFO LoggingPodStatusWatcherImpl: Application status for spark-11ae495b72af444a8e58b804c1aeaa08 (phase: Running)
26/05/18 15:33:21 INFO LoggingPodStatusWatcherImpl: Application status for spark-11ae495b72af444a8e58b804c1aeaa08 (phase: Running)
26/05/18 15:33:22 INFO LoggingPodStatusWatcherImpl: Application status for spark-11ae495b72af444a8e58b804c1aeaa08 (phase: Running)
26/05/18 15:33:23 INFO LoggingPodStatusWatcherImpl: Application status for spark-11ae495b72af444a8e58b804c1aeaa08 (phase: Running)
26/05/18 15:33:24 INFO LoggingPodStatusWatcherImpl: Application status for spark-11ae495b72af444a8e58b804c1aeaa08 (phase: Running)
26/05/18 15:33:25 INFO LoggingPodStatusWatcherImpl: Application status for spark-11ae495b72af444a8e58b804c1aeaa08 (phase: Running)
26/05/18 15:33:26 INFO LoggingPodStatusWatcherImpl: Application status for spark-11ae495b72af444a8e58b804c1aeaa08 (phase: Running)
26/05/18 15:33:27 INFO LoggingPodStatusWatcherImpl: Application status for spark-11ae495b72af444a8e58b804c1aeaa08 (phase: Running)
26/05/18 15:33:28 INFO LoggingPodStatusWatcherImpl: Application status for spark-11ae495b72af444a8e58b804c1aeaa08 (phase: Running)
26/05/18 15:33:29 INFO LoggingPodStatusWatcherImpl: Application status for spark-11ae495b72af444a8e58b804c1aeaa08 (phase: Running)
26/05/18 15:33:30 INFO LoggingPodStatusWatcherImpl: Application status for spark-11ae495b72af444a8e58b804c1aeaa08 (phase: Running)
26/05/18 15:33:31 INFO LoggingPodStatusWatcherImpl: Application status for spark-11ae495b72af444a8e58b804c1aeaa08 (phase: Running)
26/05/18 15:33:32 INFO LoggingPodStatusWatcherImpl: Application status for spark-11ae495b72af444a8e58b804c1aeaa08 (phase: Running)
26/05/18 15:33:33 INFO LoggingPodStatusWatcherImpl: Application status for spark-11ae495b72af444a8e58b804c1aeaa08 (phase: Running)
26/05/18 15:33:34 INFO LoggingPodStatusWatcherImpl: Application status for spark-11ae495b72af444a8e58b804c1aeaa08 (phase: Running)
26/05/18 15:33:35 INFO LoggingPodStatusWatcherImpl: Application status for spark-11ae495b72af444a8e58b804c1aeaa08 (phase: Running)
26/05/18 15:33:36 INFO LoggingPodStatusWatcherImpl: Application status for spark-11ae495b72af444a8e58b804c1aeaa08 (phase: Running)
26/05/18 15:33:37 INFO LoggingPodStatusWatcherImpl: Application status for spark-11ae495b72af444a8e58b804c1aeaa08 (phase: Running)
26/05/18 15:33:38 INFO LoggingPodStatusWatcherImpl: Application status for spark-11ae495b72af444a8e58b804c1aeaa08 (phase: Running)
26/05/18 15:33:39 INFO LoggingPodStatusWatcherImpl: Application status for spark-11ae495b72af444a8e58b804c1aeaa08 (phase: Running)
26/05/18 15:33:40 INFO LoggingPodStatusWatcherImpl: Application status for spark-11ae495b72af444a8e58b804c1aeaa08 (phase: Running)
26/05/18 15:33:41 INFO LoggingPodStatusWatcherImpl: Application status for spark-11ae495b72af444a8e58b804c1aeaa08 (phase: Running)
26/05/18 15:33:42 INFO LoggingPodStatusWatcherImpl: Application status for spark-11ae495b72af444a8e58b804c1aeaa08 (phase: Running)
26/05/18 15:33:43 INFO LoggingPodStatusWatcherImpl: Application status for spark-11ae495b72af444a8e58b804c1aeaa08 (phase: Running)
26/05/18 15:33:44 INFO LoggingPodStatusWatcherImpl: Application status for spark-11ae495b72af444a8e58b804c1aeaa08 (phase: Running)
26/05/18 15:33:45 INFO LoggingPodStatusWatcherImpl: Application status for spark-11ae495b72af444a8e58b804c1aeaa08 (phase: Running)
26/05/18 15:33:46 INFO LoggingPodStatusWatcherImpl: Application status for spark-11ae495b72af444a8e58b804c1aeaa08 (phase: Running)
26/05/18 15:33:47 INFO LoggingPodStatusWatcherImpl: Application status for spark-11ae495b72af444a8e58b804c1aeaa08 (phase: Running)
26/05/18 15:33:48 INFO LoggingPodStatusWatcherImpl: Application status for spark-11ae495b72af444a8e58b804c1aeaa08 (phase: Running)
26/05/18 15:33:49 INFO LoggingPodStatusWatcherImpl: Application status for spark-11ae495b72af444a8e58b804c1aeaa08 (phase: Running)
26/05/18 15:33:50 INFO LoggingPodStatusWatcherImpl: Application status for spark-11ae495b72af444a8e58b804c1aeaa08 (phase: Running)
26/05/18 15:33:51 INFO LoggingPodStatusWatcherImpl: Application status for spark-11ae495b72af444a8e58b804c1aeaa08 (phase: Running)
26/05/18 15:33:52 INFO LoggingPodStatusWatcherImpl: Application status for spark-11ae495b72af444a8e58b804c1aeaa08 (phase: Running)
26/05/18 15:33:53 INFO LoggingPodStatusWatcherImpl: Application status for spark-11ae495b72af444a8e58b804c1aeaa08 (phase: Running)
26/05/18 15:33:54 INFO LoggingPodStatusWatcherImpl: Application status for spark-11ae495b72af444a8e58b804c1aeaa08 (phase: Running)
26/05/18 15:33:55 INFO LoggingPodStatusWatcherImpl: Application status for spark-11ae495b72af444a8e58b804c1aeaa08 (phase: Running)
26/05/18 15:33:56 INFO LoggingPodStatusWatcherImpl: Application status for spark-11ae495b72af444a8e58b804c1aeaa08 (phase: Running)
26/05/18 15:33:57 INFO LoggingPodStatusWatcherImpl: Application status for spark-11ae495b72af444a8e58b804c1aeaa08 (phase: Running)
26/05/18 15:33:58 INFO LoggingPodStatusWatcherImpl: Application status for spark-11ae495b72af444a8e58b804c1aeaa08 (phase: Running)
26/05/18 15:33:59 INFO LoggingPodStatusWatcherImpl: Application status for spark-11ae495b72af444a8e58b804c1aeaa08 (phase: Running)
26/05/18 15:34:00 INFO LoggingPodStatusWatcherImpl: Application status for spark-11ae495b72af444a8e58b804c1aeaa08 (phase: Running)
26/05/18 15:34:01 INFO LoggingPodStatusWatcherImpl: Application status for spark-11ae495b72af444a8e58b804c1aeaa08 (phase: Running)
26/05/18 15:34:02 INFO LoggingPodStatusWatcherImpl: Application status for spark-11ae495b72af444a8e58b804c1aeaa08 (phase: Running)
26/05/18 15:34:03 INFO LoggingPodStatusWatcherImpl: Application status for spark-11ae495b72af444a8e58b804c1aeaa08 (phase: Running)
26/05/18 15:34:04 INFO LoggingPodStatusWatcherImpl: Application status for spark-11ae495b72af444a8e58b804c1aeaa08 (phase: Running)
26/05/18 15:34:05 INFO LoggingPodStatusWatcherImpl: Application status for spark-11ae495b72af444a8e58b804c1aeaa08 (phase: Running)
26/05/18 15:34:06 INFO LoggingPodStatusWatcherImpl: Application status for spark-11ae495b72af444a8e58b804c1aeaa08 (phase: Running)
26/05/18 15:34:07 INFO LoggingPodStatusWatcherImpl: Application status for spark-11ae495b72af444a8e58b804c1aeaa08 (phase: Running)
26/05/18 15:34:08 INFO LoggingPodStatusWatcherImpl: Application status for spark-11ae495b72af444a8e58b804c1aeaa08 (phase: Running)
26/05/18 15:34:09 INFO LoggingPodStatusWatcherImpl: Application status for spark-11ae495b72af444a8e58b804c1aeaa08 (phase: Running)
26/05/18 15:34:10 INFO LoggingPodStatusWatcherImpl: Application status for spark-11ae495b72af444a8e58b804c1aeaa08 (phase: Running)
26/05/18 15:34:11 INFO LoggingPodStatusWatcherImpl: Application status for spark-11ae495b72af444a8e58b804c1aeaa08 (phase: Running)
26/05/18 15:34:12 INFO LoggingPodStatusWatcherImpl: Application status for spark-11ae495b72af444a8e58b804c1aeaa08 (phase: Running)
26/05/18 15:34:13 INFO LoggingPodStatusWatcherImpl: Application status for spark-11ae495b72af444a8e58b804c1aeaa08 (phase: Running)
26/05/18 15:34:14 INFO LoggingPodStatusWatcherImpl: Application status for spark-11ae495b72af444a8e58b804c1aeaa08 (phase: Running)
26/05/18 15:34:15 INFO LoggingPodStatusWatcherImpl: Application status for spark-11ae495b72af444a8e58b804c1aeaa08 (phase: Running)
26/05/18 15:34:16 INFO LoggingPodStatusWatcherImpl: Application status for spark-11ae495b72af444a8e58b804c1aeaa08 (phase: Running)
26/05/18 15:34:17 INFO LoggingPodStatusWatcherImpl: Application status for spark-11ae495b72af444a8e58b804c1aeaa08 (phase: Running)
26/05/18 15:34:18 INFO LoggingPodStatusWatcherImpl: Application status for spark-11ae495b72af444a8e58b804c1aeaa08 (phase: Running)
26/05/18 15:34:19 INFO LoggingPodStatusWatcherImpl: Application status for spark-11ae495b72af444a8e58b804c1aeaa08 (phase: Running)
26/05/18 15:34:20 INFO LoggingPodStatusWatcherImpl: Application status for spark-11ae495b72af444a8e58b804c1aeaa08 (phase: Running)
26/05/18 15:34:21 INFO LoggingPodStatusWatcherImpl: Application status for spark-11ae495b72af444a8e58b804c1aeaa08 (phase: Running)
26/05/18 15:34:22 INFO LoggingPodStatusWatcherImpl: Application status for spark-11ae495b72af444a8e58b804c1aeaa08 (phase: Running)
26/05/18 15:34:23 INFO LoggingPodStatusWatcherImpl: Application status for spark-11ae495b72af444a8e58b804c1aeaa08 (phase: Running)
26/05/18 15:34:24 INFO LoggingPodStatusWatcherImpl: Application status for spark-11ae495b72af444a8e58b804c1aeaa08 (phase: Running)
26/05/18 15:34:25 INFO LoggingPodStatusWatcherImpl: Application status for spark-11ae495b72af444a8e58b804c1aeaa08 (phase: Running)
26/05/18 15:34:26 INFO LoggingPodStatusWatcherImpl: Application status for spark-11ae495b72af444a8e58b804c1aeaa08 (phase: Running)
26/05/18 15:34:27 INFO LoggingPodStatusWatcherImpl: Application status for spark-11ae495b72af444a8e58b804c1aeaa08 (phase: Running)
26/05/18 15:34:28 INFO LoggingPodStatusWatcherImpl: Application status for spark-11ae495b72af444a8e58b804c1aeaa08 (phase: Running)
26/05/18 15:34:29 INFO LoggingPodStatusWatcherImpl: Application status for spark-11ae495b72af444a8e58b804c1aeaa08 (phase: Running)
26/05/18 15:34:30 INFO LoggingPodStatusWatcherImpl: Application status for spark-11ae495b72af444a8e58b804c1aeaa08 (phase: Running)
26/05/18 15:34:31 INFO LoggingPodStatusWatcherImpl: Application status for spark-11ae495b72af444a8e58b804c1aeaa08 (phase: Running)
26/05/18 15:34:32 INFO LoggingPodStatusWatcherImpl: Application status for spark-11ae495b72af444a8e58b804c1aeaa08 (phase: Running)
26/05/18 15:34:33 INFO LoggingPodStatusWatcherImpl: Application status for spark-11ae495b72af444a8e58b804c1aeaa08 (phase: Running)
26/05/18 15:34:34 INFO LoggingPodStatusWatcherImpl: Application status for spark-11ae495b72af444a8e58b804c1aeaa08 (phase: Running)
26/05/18 15:34:35 INFO LoggingPodStatusWatcherImpl: Application status for spark-11ae495b72af444a8e58b804c1aeaa08 (phase: Running)
26/05/18 15:34:36 INFO LoggingPodStatusWatcherImpl: Application status for spark-11ae495b72af444a8e58b804c1aeaa08 (phase: Running)
26/05/18 15:34:37 INFO LoggingPodStatusWatcherImpl: Application status for spark-11ae495b72af444a8e58b804c1aeaa08 (phase: Running)
26/05/18 15:34:38 INFO LoggingPodStatusWatcherImpl: Application status for spark-11ae495b72af444a8e58b804c1aeaa08 (phase: Running)
26/05/18 15:34:39 INFO LoggingPodStatusWatcherImpl: Application status for spark-11ae495b72af444a8e58b804c1aeaa08 (phase: Running)
26/05/18 15:34:40 INFO LoggingPodStatusWatcherImpl: Application status for spark-11ae495b72af444a8e58b804c1aeaa08 (phase: Running)
26/05/18 15:34:41 INFO LoggingPodStatusWatcherImpl: Application status for spark-11ae495b72af444a8e58b804c1aeaa08 (phase: Running)
26/05/18 15:34:42 INFO LoggingPodStatusWatcherImpl: Application status for spark-11ae495b72af444a8e58b804c1aeaa08 (phase: Running)
26/05/18 15:34:43 INFO LoggingPodStatusWatcherImpl: Application status for spark-11ae495b72af444a8e58b804c1aeaa08 (phase: Running)
26/05/18 15:34:44 INFO LoggingPodStatusWatcherImpl: Application status for spark-11ae495b72af444a8e58b804c1aeaa08 (phase: Running)
26/05/18 15:34:45 INFO LoggingPodStatusWatcherImpl: Application status for spark-11ae495b72af444a8e58b804c1aeaa08 (phase: Running)
26/05/18 15:34:46 INFO LoggingPodStatusWatcherImpl: Application status for spark-11ae495b72af444a8e58b804c1aeaa08 (phase: Running)
26/05/18 15:34:47 INFO LoggingPodStatusWatcherImpl: Application status for spark-11ae495b72af444a8e58b804c1aeaa08 (phase: Running)
26/05/18 15:34:48 INFO LoggingPodStatusWatcherImpl: Application status for spark-11ae495b72af444a8e58b804c1aeaa08 (phase: Running)
26/05/18 15:34:49 INFO LoggingPodStatusWatcherImpl: Application status for spark-11ae495b72af444a8e58b804c1aeaa08 (phase: Running)
26/05/18 15:34:50 INFO LoggingPodStatusWatcherImpl: Application status for spark-11ae495b72af444a8e58b804c1aeaa08 (phase: Running)
26/05/18 15:34:51 INFO LoggingPodStatusWatcherImpl: Application status for spark-11ae495b72af444a8e58b804c1aeaa08 (phase: Running)
26/05/18 15:34:52 INFO LoggingPodStatusWatcherImpl: Application status for spark-11ae495b72af444a8e58b804c1aeaa08 (phase: Running)
26/05/18 15:34:53 INFO LoggingPodStatusWatcherImpl: Application status for spark-11ae495b72af444a8e58b804c1aeaa08 (phase: Running)
26/05/18 15:34:54 INFO LoggingPodStatusWatcherImpl: Application status for spark-11ae495b72af444a8e58b804c1aeaa08 (phase: Running)
26/05/18 15:34:55 INFO LoggingPodStatusWatcherImpl: Application status for spark-11ae495b72af444a8e58b804c1aeaa08 (phase: Running)
26/05/18 15:34:56 INFO LoggingPodStatusWatcherImpl: Application status for spark-11ae495b72af444a8e58b804c1aeaa08 (phase: Running)
26/05/18 15:34:57 INFO LoggingPodStatusWatcherImpl: Application status for spark-11ae495b72af444a8e58b804c1aeaa08 (phase: Running)
26/05/18 15:34:58 INFO LoggingPodStatusWatcherImpl: Application status for spark-11ae495b72af444a8e58b804c1aeaa08 (phase: Running)
26/05/18 15:34:59 INFO LoggingPodStatusWatcherImpl: Application status for spark-11ae495b72af444a8e58b804c1aeaa08 (phase: Running)
26/05/18 15:35:00 INFO LoggingPodStatusWatcherImpl: Application status for spark-11ae495b72af444a8e58b804c1aeaa08 (phase: Running)
26/05/18 15:35:01 INFO LoggingPodStatusWatcherImpl: Application status for spark-11ae495b72af444a8e58b804c1aeaa08 (phase: Running)
26/05/18 15:35:02 INFO LoggingPodStatusWatcherImpl: Application status for spark-11ae495b72af444a8e58b804c1aeaa08 (phase: Running)
26/05/18 15:35:03 INFO LoggingPodStatusWatcherImpl: Application status for spark-11ae495b72af444a8e58b804c1aeaa08 (phase: Running)
26/05/18 15:35:04 INFO LoggingPodStatusWatcherImpl: Application status for spark-11ae495b72af444a8e58b804c1aeaa08 (phase: Running)
26/05/18 15:35:05 INFO LoggingPodStatusWatcherImpl: Application status for spark-11ae495b72af444a8e58b804c1aeaa08 (phase: Running)
26/05/18 15:35:06 INFO LoggingPodStatusWatcherImpl: Application status for spark-11ae495b72af444a8e58b804c1aeaa08 (phase: Running)
26/05/18 15:35:07 INFO LoggingPodStatusWatcherImpl: Application status for spark-11ae495b72af444a8e58b804c1aeaa08 (phase: Running)
26/05/18 15:35:08 INFO LoggingPodStatusWatcherImpl: Application status for spark-11ae495b72af444a8e58b804c1aeaa08 (phase: Running)
26/05/18 15:35:09 INFO LoggingPodStatusWatcherImpl: Application status for spark-11ae495b72af444a8e58b804c1aeaa08 (phase: Running)
26/05/18 15:35:10 INFO LoggingPodStatusWatcherImpl: Application status for spark-11ae495b72af444a8e58b804c1aeaa08 (phase: Running)
26/05/18 15:35:11 INFO LoggingPodStatusWatcherImpl: Application status for spark-11ae495b72af444a8e58b804c1aeaa08 (phase: Running)
26/05/18 15:35:12 INFO LoggingPodStatusWatcherImpl: Application status for spark-11ae495b72af444a8e58b804c1aeaa08 (phase: Running)
26/05/18 15:35:13 INFO LoggingPodStatusWatcherImpl: Application status for spark-11ae495b72af444a8e58b804c1aeaa08 (phase: Running)
26/05/18 15:35:14 INFO LoggingPodStatusWatcherImpl: Application status for spark-11ae495b72af444a8e58b804c1aeaa08 (phase: Running)
26/05/18 15:35:15 INFO LoggingPodStatusWatcherImpl: Application status for spark-11ae495b72af444a8e58b804c1aeaa08 (phase: Running)
26/05/18 15:35:16 INFO LoggingPodStatusWatcherImpl: Application status for spark-11ae495b72af444a8e58b804c1aeaa08 (phase: Running)
26/05/18 15:35:17 INFO LoggingPodStatusWatcherImpl: Application status for spark-11ae495b72af444a8e58b804c1aeaa08 (phase: Running)
26/05/18 15:35:18 INFO LoggingPodStatusWatcherImpl: Application status for spark-11ae495b72af444a8e58b804c1aeaa08 (phase: Running)
26/05/18 15:35:19 INFO LoggingPodStatusWatcherImpl: Application status for spark-11ae495b72af444a8e58b804c1aeaa08 (phase: Running)
26/05/18 15:35:20 INFO LoggingPodStatusWatcherImpl: Application status for spark-11ae495b72af444a8e58b804c1aeaa08 (phase: Running)
26/05/18 15:35:21 INFO LoggingPodStatusWatcherImpl: Application status for spark-11ae495b72af444a8e58b804c1aeaa08 (phase: Running)
26/05/18 15:35:22 INFO LoggingPodStatusWatcherImpl: Application status for spark-11ae495b72af444a8e58b804c1aeaa08 (phase: Running)
26/05/18 15:35:23 INFO LoggingPodStatusWatcherImpl: Application status for spark-11ae495b72af444a8e58b804c1aeaa08 (phase: Running)
26/05/18 15:35:24 INFO LoggingPodStatusWatcherImpl: Application status for spark-11ae495b72af444a8e58b804c1aeaa08 (phase: Running)
26/05/18 15:35:25 INFO LoggingPodStatusWatcherImpl: Application status for spark-11ae495b72af444a8e58b804c1aeaa08 (phase: Running)
26/05/18 15:35:26 INFO LoggingPodStatusWatcherImpl: Application status for spark-11ae495b72af444a8e58b804c1aeaa08 (phase: Running)
26/05/18 15:35:27 INFO LoggingPodStatusWatcherImpl: Application status for spark-11ae495b72af444a8e58b804c1aeaa08 (phase: Running)
26/05/18 15:35:28 INFO LoggingPodStatusWatcherImpl: Application status for spark-11ae495b72af444a8e58b804c1aeaa08 (phase: Running)
26/05/18 15:35:29 INFO LoggingPodStatusWatcherImpl: Application status for spark-11ae495b72af444a8e58b804c1aeaa08 (phase: Running)
26/05/18 15:35:30 INFO LoggingPodStatusWatcherImpl: Application status for spark-11ae495b72af444a8e58b804c1aeaa08 (phase: Running)
26/05/18 15:35:31 INFO LoggingPodStatusWatcherImpl: Application status for spark-11ae495b72af444a8e58b804c1aeaa08 (phase: Running)
26/05/18 15:35:32 INFO LoggingPodStatusWatcherImpl: Application status for spark-11ae495b72af444a8e58b804c1aeaa08 (phase: Running)
26/05/18 15:35:33 INFO LoggingPodStatusWatcherImpl: Application status for spark-11ae495b72af444a8e58b804c1aeaa08 (phase: Running)
26/05/18 15:35:34 INFO LoggingPodStatusWatcherImpl: Application status for spark-11ae495b72af444a8e58b804c1aeaa08 (phase: Running)
26/05/18 15:35:35 INFO LoggingPodStatusWatcherImpl: Application status for spark-11ae495b72af444a8e58b804c1aeaa08 (phase: Running)
26/05/18 15:35:36 INFO LoggingPodStatusWatcherImpl: Application status for spark-11ae495b72af444a8e58b804c1aeaa08 (phase: Running)
26/05/18 15:35:37 INFO LoggingPodStatusWatcherImpl: Application status for spark-11ae495b72af444a8e58b804c1aeaa08 (phase: Running)
26/05/18 15:35:38 INFO LoggingPodStatusWatcherImpl: Application status for spark-11ae495b72af444a8e58b804c1aeaa08 (phase: Running)
26/05/18 15:35:39 INFO LoggingPodStatusWatcherImpl: Application status for spark-11ae495b72af444a8e58b804c1aeaa08 (phase: Running)
26/05/18 15:35:40 INFO LoggingPodStatusWatcherImpl: Application status for spark-11ae495b72af444a8e58b804c1aeaa08 (phase: Running)
26/05/18 15:35:41 INFO LoggingPodStatusWatcherImpl: Application status for spark-11ae495b72af444a8e58b804c1aeaa08 (phase: Running)
26/05/18 15:35:42 INFO LoggingPodStatusWatcherImpl: Application status for spark-11ae495b72af444a8e58b804c1aeaa08 (phase: Running)
26/05/18 15:35:43 INFO LoggingPodStatusWatcherImpl: Application status for spark-11ae495b72af444a8e58b804c1aeaa08 (phase: Running)
26/05/18 15:35:44 INFO LoggingPodStatusWatcherImpl: Application status for spark-11ae495b72af444a8e58b804c1aeaa08 (phase: Running)
26/05/18 15:35:45 INFO LoggingPodStatusWatcherImpl: Application status for spark-11ae495b72af444a8e58b804c1aeaa08 (phase: Running)
26/05/18 15:35:46 INFO LoggingPodStatusWatcherImpl: Application status for spark-11ae495b72af444a8e58b804c1aeaa08 (phase: Running)
26/05/18 15:35:47 INFO LoggingPodStatusWatcherImpl: Application status for spark-11ae495b72af444a8e58b804c1aeaa08 (phase: Running)
26/05/18 15:35:48 INFO LoggingPodStatusWatcherImpl: Application status for spark-11ae495b72af444a8e58b804c1aeaa08 (phase: Running)
26/05/18 15:35:49 INFO LoggingPodStatusWatcherImpl: Application status for spark-11ae495b72af444a8e58b804c1aeaa08 (phase: Running)
26/05/18 15:35:50 INFO LoggingPodStatusWatcherImpl: Application status for spark-11ae495b72af444a8e58b804c1aeaa08 (phase: Running)
26/05/18 15:35:51 INFO LoggingPodStatusWatcherImpl: Application status for spark-11ae495b72af444a8e58b804c1aeaa08 (phase: Running)
26/05/18 15:35:52 INFO LoggingPodStatusWatcherImpl: Application status for spark-11ae495b72af444a8e58b804c1aeaa08 (phase: Running)
26/05/18 15:35:53 INFO LoggingPodStatusWatcherImpl: Application status for spark-11ae495b72af444a8e58b804c1aeaa08 (phase: Running)
26/05/18 15:35:54 INFO LoggingPodStatusWatcherImpl: Application status for spark-11ae495b72af444a8e58b804c1aeaa08 (phase: Running)
26/05/18 15:35:55 INFO LoggingPodStatusWatcherImpl: Application status for spark-11ae495b72af444a8e58b804c1aeaa08 (phase: Running)
26/05/18 15:35:56 INFO LoggingPodStatusWatcherImpl: Application status for spark-11ae495b72af444a8e58b804c1aeaa08 (phase: Running)
26/05/18 15:35:57 INFO LoggingPodStatusWatcherImpl: Application status for spark-11ae495b72af444a8e58b804c1aeaa08 (phase: Running)
26/05/18 15:35:58 INFO LoggingPodStatusWatcherImpl: Application status for spark-11ae495b72af444a8e58b804c1aeaa08 (phase: Running)
26/05/18 15:35:59 INFO LoggingPodStatusWatcherImpl: Application status for spark-11ae495b72af444a8e58b804c1aeaa08 (phase: Running)
26/05/18 15:36:00 INFO LoggingPodStatusWatcherImpl: Application status for spark-11ae495b72af444a8e58b804c1aeaa08 (phase: Running)
26/05/18 15:36:01 INFO LoggingPodStatusWatcherImpl: Application status for spark-11ae495b72af444a8e58b804c1aeaa08 (phase: Running)
26/05/18 15:36:02 INFO LoggingPodStatusWatcherImpl: Application status for spark-11ae495b72af444a8e58b804c1aeaa08 (phase: Running)
26/05/18 15:36:03 INFO LoggingPodStatusWatcherImpl: Application status for spark-11ae495b72af444a8e58b804c1aeaa08 (phase: Running)
26/05/18 15:36:04 INFO LoggingPodStatusWatcherImpl: Application status for spark-11ae495b72af444a8e58b804c1aeaa08 (phase: Running)
26/05/18 15:36:05 INFO LoggingPodStatusWatcherImpl: Application status for spark-11ae495b72af444a8e58b804c1aeaa08 (phase: Running)
26/05/18 15:36:06 INFO LoggingPodStatusWatcherImpl: Application status for spark-11ae495b72af444a8e58b804c1aeaa08 (phase: Running)
26/05/18 15:36:07 INFO LoggingPodStatusWatcherImpl: Application status for spark-11ae495b72af444a8e58b804c1aeaa08 (phase: Running)
26/05/18 15:36:08 INFO LoggingPodStatusWatcherImpl: Application status for spark-11ae495b72af444a8e58b804c1aeaa08 (phase: Running)
26/05/18 15:36:09 INFO LoggingPodStatusWatcherImpl: Application status for spark-11ae495b72af444a8e58b804c1aeaa08 (phase: Running)
26/05/18 15:36:10 INFO LoggingPodStatusWatcherImpl: Application status for spark-11ae495b72af444a8e58b804c1aeaa08 (phase: Running)
26/05/18 15:36:11 INFO LoggingPodStatusWatcherImpl: Application status for spark-11ae495b72af444a8e58b804c1aeaa08 (phase: Running)
26/05/18 15:36:12 INFO LoggingPodStatusWatcherImpl: Application status for spark-11ae495b72af444a8e58b804c1aeaa08 (phase: Running)
26/05/18 15:36:13 INFO LoggingPodStatusWatcherImpl: Application status for spark-11ae495b72af444a8e58b804c1aeaa08 (phase: Running)
26/05/18 15:36:14 INFO LoggingPodStatusWatcherImpl: Application status for spark-11ae495b72af444a8e58b804c1aeaa08 (phase: Running)
26/05/18 15:36:15 INFO LoggingPodStatusWatcherImpl: Application status for spark-11ae495b72af444a8e58b804c1aeaa08 (phase: Running)
26/05/18 15:36:16 INFO LoggingPodStatusWatcherImpl: Application status for spark-11ae495b72af444a8e58b804c1aeaa08 (phase: Running)
26/05/18 15:36:17 INFO LoggingPodStatusWatcherImpl: Application status for spark-11ae495b72af444a8e58b804c1aeaa08 (phase: Running)
26/05/18 15:36:18 INFO LoggingPodStatusWatcherImpl: Application status for spark-11ae495b72af444a8e58b804c1aeaa08 (phase: Running)
26/05/18 15:36:19 INFO LoggingPodStatusWatcherImpl: Application status for spark-11ae495b72af444a8e58b804c1aeaa08 (phase: Running)
26/05/18 15:36:20 INFO LoggingPodStatusWatcherImpl: Application status for spark-11ae495b72af444a8e58b804c1aeaa08 (phase: Running)
26/05/18 15:36:21 INFO LoggingPodStatusWatcherImpl: Application status for spark-11ae495b72af444a8e58b804c1aeaa08 (phase: Running)
26/05/18 15:36:22 INFO LoggingPodStatusWatcherImpl: Application status for spark-11ae495b72af444a8e58b804c1aeaa08 (phase: Running)
26/05/18 15:36:23 INFO LoggingPodStatusWatcherImpl: Application status for spark-11ae495b72af444a8e58b804c1aeaa08 (phase: Running)
26/05/18 15:36:24 INFO LoggingPodStatusWatcherImpl: Application status for spark-11ae495b72af444a8e58b804c1aeaa08 (phase: Running)
26/05/18 15:36:25 INFO LoggingPodStatusWatcherImpl: Application status for spark-11ae495b72af444a8e58b804c1aeaa08 (phase: Running)
26/05/18 15:36:26 INFO LoggingPodStatusWatcherImpl: Application status for spark-11ae495b72af444a8e58b804c1aeaa08 (phase: Running)
26/05/18 15:36:27 INFO LoggingPodStatusWatcherImpl: Application status for spark-11ae495b72af444a8e58b804c1aeaa08 (phase: Running)
26/05/18 15:36:28 INFO LoggingPodStatusWatcherImpl: Application status for spark-11ae495b72af444a8e58b804c1aeaa08 (phase: Running)
26/05/18 15:36:29 INFO LoggingPodStatusWatcherImpl: Application status for spark-11ae495b72af444a8e58b804c1aeaa08 (phase: Running)
26/05/18 15:36:30 INFO LoggingPodStatusWatcherImpl: Application status for spark-11ae495b72af444a8e58b804c1aeaa08 (phase: Running)
26/05/18 15:36:31 INFO LoggingPodStatusWatcherImpl: Application status for spark-11ae495b72af444a8e58b804c1aeaa08 (phase: Running)
26/05/18 15:36:32 INFO LoggingPodStatusWatcherImpl: Application status for spark-11ae495b72af444a8e58b804c1aeaa08 (phase: Running)
26/05/18 15:36:33 INFO LoggingPodStatusWatcherImpl: Application status for spark-11ae495b72af444a8e58b804c1aeaa08 (phase: Running)
26/05/18 15:36:34 INFO LoggingPodStatusWatcherImpl: Application status for spark-11ae495b72af444a8e58b804c1aeaa08 (phase: Running)
26/05/18 15:36:35 INFO LoggingPodStatusWatcherImpl: Application status for spark-11ae495b72af444a8e58b804c1aeaa08 (phase: Running)
26/05/18 15:36:36 INFO LoggingPodStatusWatcherImpl: Application status for spark-11ae495b72af444a8e58b804c1aeaa08 (phase: Running)
26/05/18 15:36:37 INFO LoggingPodStatusWatcherImpl: Application status for spark-11ae495b72af444a8e58b804c1aeaa08 (phase: Running)
26/05/18 15:36:38 INFO LoggingPodStatusWatcherImpl: Application status for spark-11ae495b72af444a8e58b804c1aeaa08 (phase: Running)
26/05/18 15:36:39 INFO LoggingPodStatusWatcherImpl: Application status for spark-11ae495b72af444a8e58b804c1aeaa08 (phase: Running)
26/05/18 15:36:40 INFO LoggingPodStatusWatcherImpl: Application status for spark-11ae495b72af444a8e58b804c1aeaa08 (phase: Running)
26/05/18 15:36:41 INFO LoggingPodStatusWatcherImpl: Application status for spark-11ae495b72af444a8e58b804c1aeaa08 (phase: Running)
26/05/18 15:36:42 INFO LoggingPodStatusWatcherImpl: Application status for spark-11ae495b72af444a8e58b804c1aeaa08 (phase: Running)
26/05/18 15:36:43 INFO LoggingPodStatusWatcherImpl: Application status for spark-11ae495b72af444a8e58b804c1aeaa08 (phase: Running)
26/05/18 15:36:44 INFO LoggingPodStatusWatcherImpl: Application status for spark-11ae495b72af444a8e58b804c1aeaa08 (phase: Running)
26/05/18 15:36:45 INFO LoggingPodStatusWatcherImpl: Application status for spark-11ae495b72af444a8e58b804c1aeaa08 (phase: Running)
26/05/18 15:36:46 INFO LoggingPodStatusWatcherImpl: Application status for spark-11ae495b72af444a8e58b804c1aeaa08 (phase: Running)
26/05/18 15:36:47 INFO LoggingPodStatusWatcherImpl: Application status for spark-11ae495b72af444a8e58b804c1aeaa08 (phase: Running)
26/05/18 15:36:48 INFO LoggingPodStatusWatcherImpl: Application status for spark-11ae495b72af444a8e58b804c1aeaa08 (phase: Running)
26/05/18 15:36:49 INFO LoggingPodStatusWatcherImpl: Application status for spark-11ae495b72af444a8e58b804c1aeaa08 (phase: Running)
26/05/18 15:36:50 INFO LoggingPodStatusWatcherImpl: Application status for spark-11ae495b72af444a8e58b804c1aeaa08 (phase: Running)
26/05/18 15:36:51 INFO LoggingPodStatusWatcherImpl: Application status for spark-11ae495b72af444a8e58b804c1aeaa08 (phase: Running)
26/05/18 15:36:52 INFO LoggingPodStatusWatcherImpl: Application status for spark-11ae495b72af444a8e58b804c1aeaa08 (phase: Running)
26/05/18 15:36:53 INFO LoggingPodStatusWatcherImpl: Application status for spark-11ae495b72af444a8e58b804c1aeaa08 (phase: Running)
26/05/18 15:36:54 INFO LoggingPodStatusWatcherImpl: Application status for spark-11ae495b72af444a8e58b804c1aeaa08 (phase: Running)
26/05/18 15:36:55 INFO LoggingPodStatusWatcherImpl: Application status for spark-11ae495b72af444a8e58b804c1aeaa08 (phase: Running)
26/05/18 15:36:56 INFO LoggingPodStatusWatcherImpl: Application status for spark-11ae495b72af444a8e58b804c1aeaa08 (phase: Running)
26/05/18 15:36:57 INFO LoggingPodStatusWatcherImpl: Application status for spark-11ae495b72af444a8e58b804c1aeaa08 (phase: Running)
26/05/18 15:36:58 INFO LoggingPodStatusWatcherImpl: Application status for spark-11ae495b72af444a8e58b804c1aeaa08 (phase: Running)
26/05/18 15:36:59 INFO LoggingPodStatusWatcherImpl: Application status for spark-11ae495b72af444a8e58b804c1aeaa08 (phase: Running)
26/05/18 15:37:00 INFO LoggingPodStatusWatcherImpl: Application status for spark-11ae495b72af444a8e58b804c1aeaa08 (phase: Running)
26/05/18 15:37:01 INFO LoggingPodStatusWatcherImpl: Application status for spark-11ae495b72af444a8e58b804c1aeaa08 (phase: Running)
26/05/18 15:37:02 INFO LoggingPodStatusWatcherImpl: Application status for spark-11ae495b72af444a8e58b804c1aeaa08 (phase: Running)
26/05/18 15:37:03 INFO LoggingPodStatusWatcherImpl: Application status for spark-11ae495b72af444a8e58b804c1aeaa08 (phase: Running)
26/05/18 15:37:04 INFO LoggingPodStatusWatcherImpl: Application status for spark-11ae495b72af444a8e58b804c1aeaa08 (phase: Running)
26/05/18 15:37:05 INFO LoggingPodStatusWatcherImpl: Application status for spark-11ae495b72af444a8e58b804c1aeaa08 (phase: Running)
26/05/18 15:37:06 INFO LoggingPodStatusWatcherImpl: Application status for spark-11ae495b72af444a8e58b804c1aeaa08 (phase: Running)
26/05/18 15:37:07 INFO LoggingPodStatusWatcherImpl: Application status for spark-11ae495b72af444a8e58b804c1aeaa08 (phase: Running)
26/05/18 15:37:08 INFO LoggingPodStatusWatcherImpl: Application status for spark-11ae495b72af444a8e58b804c1aeaa08 (phase: Running)
26/05/18 15:37:09 INFO LoggingPodStatusWatcherImpl: Application status for spark-11ae495b72af444a8e58b804c1aeaa08 (phase: Running)
26/05/18 15:37:10 INFO LoggingPodStatusWatcherImpl: Application status for spark-11ae495b72af444a8e58b804c1aeaa08 (phase: Running)
26/05/18 15:37:11 INFO LoggingPodStatusWatcherImpl: Application status for spark-11ae495b72af444a8e58b804c1aeaa08 (phase: Running)
26/05/18 15:37:12 INFO LoggingPodStatusWatcherImpl: Application status for spark-11ae495b72af444a8e58b804c1aeaa08 (phase: Running)
26/05/18 15:37:13 INFO LoggingPodStatusWatcherImpl: Application status for spark-11ae495b72af444a8e58b804c1aeaa08 (phase: Running)
26/05/18 15:37:14 INFO LoggingPodStatusWatcherImpl: Application status for spark-11ae495b72af444a8e58b804c1aeaa08 (phase: Running)
26/05/18 15:37:15 INFO LoggingPodStatusWatcherImpl: Application status for spark-11ae495b72af444a8e58b804c1aeaa08 (phase: Running)
26/05/18 15:37:16 INFO LoggingPodStatusWatcherImpl: Application status for spark-11ae495b72af444a8e58b804c1aeaa08 (phase: Running)
26/05/18 15:37:17 INFO LoggingPodStatusWatcherImpl: Application status for spark-11ae495b72af444a8e58b804c1aeaa08 (phase: Running)
26/05/18 15:37:18 INFO LoggingPodStatusWatcherImpl: Application status for spark-11ae495b72af444a8e58b804c1aeaa08 (phase: Running)
26/05/18 15:37:19 INFO LoggingPodStatusWatcherImpl: Application status for spark-11ae495b72af444a8e58b804c1aeaa08 (phase: Running)
26/05/18 15:37:20 INFO LoggingPodStatusWatcherImpl: Application status for spark-11ae495b72af444a8e58b804c1aeaa08 (phase: Running)
26/05/18 15:37:21 INFO LoggingPodStatusWatcherImpl: Application status for spark-11ae495b72af444a8e58b804c1aeaa08 (phase: Running)
26/05/18 15:37:22 INFO LoggingPodStatusWatcherImpl: Application status for spark-11ae495b72af444a8e58b804c1aeaa08 (phase: Running)
26/05/18 15:37:23 INFO LoggingPodStatusWatcherImpl: Application status for spark-11ae495b72af444a8e58b804c1aeaa08 (phase: Running)
26/05/18 15:37:24 INFO LoggingPodStatusWatcherImpl: Application status for spark-11ae495b72af444a8e58b804c1aeaa08 (phase: Running)
26/05/18 15:37:25 INFO LoggingPodStatusWatcherImpl: Application status for spark-11ae495b72af444a8e58b804c1aeaa08 (phase: Running)
26/05/18 15:37:26 INFO LoggingPodStatusWatcherImpl: Application status for spark-11ae495b72af444a8e58b804c1aeaa08 (phase: Running)
26/05/18 15:37:27 INFO LoggingPodStatusWatcherImpl: Application status for spark-11ae495b72af444a8e58b804c1aeaa08 (phase: Running)
26/05/18 15:37:28 INFO LoggingPodStatusWatcherImpl: Application status for spark-11ae495b72af444a8e58b804c1aeaa08 (phase: Running)
26/05/18 15:37:29 INFO LoggingPodStatusWatcherImpl: Application status for spark-11ae495b72af444a8e58b804c1aeaa08 (phase: Running)
26/05/18 15:37:30 INFO LoggingPodStatusWatcherImpl: Application status for spark-11ae495b72af444a8e58b804c1aeaa08 (phase: Running)
26/05/18 15:37:31 INFO LoggingPodStatusWatcherImpl: Application status for spark-11ae495b72af444a8e58b804c1aeaa08 (phase: Running)
26/05/18 15:37:32 INFO LoggingPodStatusWatcherImpl: Application status for spark-11ae495b72af444a8e58b804c1aeaa08 (phase: Running)
26/05/18 15:37:33 INFO LoggingPodStatusWatcherImpl: Application status for spark-11ae495b72af444a8e58b804c1aeaa08 (phase: Running)
26/05/18 15:37:34 INFO LoggingPodStatusWatcherImpl: Application status for spark-11ae495b72af444a8e58b804c1aeaa08 (phase: Running)
26/05/18 15:37:35 INFO LoggingPodStatusWatcherImpl: State changed, new state: 
	 pod name: nyc-taxi-started-to-bronze-3bd98c9e3bb79a5f-driver
	 namespace: lakehouse
	 labels: spark-app-name -> nyc-taxi-started-to-bronze, spark-app-selector -> spark-11ae495b72af444a8e58b804c1aeaa08, spark-role -> driver, spark-version -> 4.1.1
	 pod uid: 596bf7ad-1d6e-4592-a4da-969e772b5c14
	 creation time: 2026-05-18T15:32:30Z
	 service account name: spark-user
	 volumes: data-vol, spark-local-dir-1, spark-conf-volume-driver, kube-api-access-hg9r2
	 node name: training
	 start time: 2026-05-18T15:32:30Z
	 phase: Running
	 container status: 
		 container name: spark-kubernetes-driver
		 container image: 10.148.0.2:5000/nyc-taxi-streaming-consumer:v1.0
		 container state: running
		 container started at: 2026-05-18T15:32:31Z
26/05/18 15:37:35 INFO LoggingPodStatusWatcherImpl: State changed, new state: 
	 pod name: nyc-taxi-started-to-bronze-3bd98c9e3bb79a5f-driver
	 namespace: lakehouse
	 labels: spark-app-name -> nyc-taxi-started-to-bronze, spark-app-selector -> spark-11ae495b72af444a8e58b804c1aeaa08, spark-role -> driver, spark-version -> 4.1.1
	 pod uid: 596bf7ad-1d6e-4592-a4da-969e772b5c14
	 creation time: 2026-05-18T15:32:30Z
	 service account name: spark-user
	 volumes: data-vol, spark-local-dir-1, spark-conf-volume-driver, kube-api-access-hg9r2
	 node name: training
	 start time: 2026-05-18T15:32:30Z
	 phase: Running
	 container status: 
		 container name: spark-kubernetes-driver
		 container image: 10.148.0.2:5000/nyc-taxi-streaming-consumer:v1.0
		 container state: running
		 container started at: 2026-05-18T15:32:31Z
26/05/18 15:37:35 INFO LoggingPodStatusWatcherImpl: Application status for spark-11ae495b72af444a8e58b804c1aeaa08 (phase: Running)
26/05/18 15:37:36 INFO LoggingPodStatusWatcherImpl: Application status for spark-11ae495b72af444a8e58b804c1aeaa08 (phase: Running)
26/05/18 15:37:37 INFO LoggingPodStatusWatcherImpl: Application status for spark-11ae495b72af444a8e58b804c1aeaa08 (phase: Running)
26/05/18 15:37:37 INFO LoggingPodStatusWatcherImpl: State changed, new state: 
	 pod name: nyc-taxi-started-to-bronze-3bd98c9e3bb79a5f-driver
	 namespace: lakehouse
	 labels: spark-app-name -> nyc-taxi-started-to-bronze, spark-app-selector -> spark-11ae495b72af444a8e58b804c1aeaa08, spark-role -> driver, spark-version -> 4.1.1
	 pod uid: 596bf7ad-1d6e-4592-a4da-969e772b5c14
	 creation time: 2026-05-18T15:32:30Z
	 service account name: spark-user
	 volumes: data-vol, spark-local-dir-1, spark-conf-volume-driver, kube-api-access-hg9r2
	 node name: training
	 start time: 2026-05-18T15:32:30Z
	 phase: Failed
	 container status: 
		 container name: spark-kubernetes-driver
		 container image: 10.148.0.2:5000/nyc-taxi-streaming-consumer:v1.0
		 container state: terminated
		 container started at: 2026-05-18T15:32:31Z
		 container finished at: 2026-05-18T15:37:37Z
		 exit code: 143
		 termination reason: Error
26/05/18 15:37:37 INFO LoggingPodStatusWatcherImpl: Application status for spark-11ae495b72af444a8e58b804c1aeaa08 (phase: Failed)
26/05/18 15:37:37 INFO LoggingPodStatusWatcherImpl: Container final statuses:


	 container name: spark-kubernetes-driver
	 container image: 10.148.0.2:5000/nyc-taxi-streaming-consumer:v1.0
	 container state: terminated
	 container started at: 2026-05-18T15:32:31Z
	 container finished at: 2026-05-18T15:37:37Z
	 exit code: 143
	 termination reason: Error
26/05/18 15:37:37 INFO LoggingPodStatusWatcherImpl: Application nyc-taxi-started-to-bronze with application ID spark-11ae495b72af444a8e58b804c1aeaa08 and submission ID lakehouse:nyc-taxi-started-to-bronze-3bd98c9e3bb79a5f-driver finished
